// Jest Snapshot v1, https://goo.gl/fbAQLP

exports[`GymStats renders without crashing 1`] = `
<View
  accessibilityComponentType={undefined}
  accessibilityLabel={undefined}
  accessibilityTraits={undefined}
  accessible={true}
  hitSlop={undefined}
  nativeID={undefined}
  onLayout={undefined}
  onResponderGrant={[Function]}
  onResponderMove={[Function]}
  onResponderRelease={[Function]}
  onResponderTerminate={[Function]}
  onResponderTerminationRequest={[Function]}
  onStartShouldSetResponder={[Function]}
  style={undefined}
  testID={undefined}
>
  <RCTScrollView
    automaticallyAdjustContentInsets={false}
    contentContainerStyle={undefined}
    contentInset={
      Object {
        "bottom": 0,
      }
    }
    enableAutoAutomaticScroll={true}
    enableResetScrollToCoords={true}
    extraHeight={75}
    extraScrollHeight={0}
    getScrollResponder={[Function]}
    handleOnScroll={[Function]}
    keyboardDismissMode="interactive"
    keyboardOpeningTime={250}
    keyboardShouldPersistTaps="handled"
    keyboardSpace={0}
    onScroll={[Function]}
    resetKeyboardSpace={[Function]}
    resetScrollToCoords={
      Object {
        "x": 0,
        "y": 0,
      }
    }
    scrollEventThrottle={1}
    scrollForExtraHeightOnAndroid={[Function]}
    scrollToEnd={[Function]}
    scrollToFocusedInput={[Function]}
    scrollToPosition={[Function]}
    showsVerticalScrollIndicator={true}
    style={
      Object {
        "backgroundColor": "transparent",
        "flex": 1,
      }
    }
    viewIsInsideTabBar={false}
    virtual={undefined}
  >
    <View>
      <RCTScrollView
        scrollsToTop={true}
      >
        <View>
          <View
            style={
              Object {
                "alignItems": "center",
                "flex": 1,
                "justifyContent": "center",
              }
            }
          >
            <View
              accessibilityComponentType={undefined}
              accessibilityLabel={undefined}
              accessibilityTraits={undefined}
              accessible={true}
              collapsable={undefined}
              hasTVPreferredFocus={undefined}
              hitSlop={undefined}
              isTVSelectable={true}
              nativeID={undefined}
              onLayout={undefined}
              onResponderGrant={[Function]}
              onResponderMove={[Function]}
              onResponderRelease={[Function]}
              onResponderTerminate={[Function]}
              onResponderTerminationRequest={[Function]}
              onStartShouldSetResponder={[Function]}
              style={
                Object {
                  "flex": 1,
                  "flexDirection": "column",
                  "justifyContent": "center",
                  "marginBottom": 20,
                  "opacity": 1,
                  "padding": 0,
                  "shadowColor": "#303838",
                  "shadowOffset": Object {
                    "height": 5,
                    "width": 0,
                  },
                  "shadowOpacity": 0.35,
                  "shadowRadius": 10,
                }
              }
              testID={undefined}
              tvParallaxProperties={undefined}
            >
              <Image
                onError={[Function]}
                onHeightChange={[Function]}
                source={
                  Object {
                    "uri": "t",
                  }
                }
                style={
                  Array [
                    Object {
                      "height": 0,
                      "width": 750,
                    },
                    undefined,
                  ]
                }
              />
              <Text
                accessible={true}
                allowFontScaling={true}
                ellipsizeMode="tail"
                style={
                  Array [
                    Object {
                      "color": "#000",
                      "fontFamily": "System",
                      "fontSize": 16,
                    },
                    Object {
                      "fontSize": 30,
                      "textAlign": "center",
                    },
                  ]
                }
                uppercase={false}
                virtual={undefined}
              >
                
undefined
              </Text>
              <Text
                accessible={true}
                allowFontScaling={true}
                ellipsizeMode="tail"
                style={
                  Array [
                    Object {
                      "color": "#000",
                      "fontFamily": "System",
                      "fontSize": 16,
                    },
                    Object {
                      "fontSize": 20,
                      "textAlign": "center",
                      "textDecorationLine": "underline",
                    },
                  ]
                }
                uppercase={false}
                virtual={undefined}
              >
                
Hours
              </Text>
              <Text
                accessible={true}
                allowFontScaling={true}
                ellipsizeMode="tail"
                style={
                  Array [
                    Object {
                      "color": "#000",
                      "fontFamily": "System",
                      "fontSize": 16,
                    },
                    Object {
                      "fontSize": 15,
                      "textAlign": "center",
                    },
                  ]
                }
                uppercase={false}
                virtual={undefined}
              />
              <Text
                accessible={true}
                allowFontScaling={true}
                ellipsizeMode="tail"
                style={
                  Array [
                    Object {
                      "color": "#000",
                      "fontFamily": "System",
                      "fontSize": 16,
                    },
                    Object {
                      "fontSize": 15,
                      "textAlign": "center",
                    },
                  ]
                }
                uppercase={false}
                virtual={undefined}
              />
              <Text
                accessible={true}
                allowFontScaling={true}
                ellipsizeMode="tail"
                style={
                  Array [
                    Object {
                      "color": "#000",
                      "fontFamily": "System",
                      "fontSize": 16,
                    },
                    Object {
                      "fontSize": 15,
                      "textAlign": "center",
                    },
                  ]
                }
                uppercase={false}
                virtual={undefined}
              />
              <Text
                accessible={true}
                allowFontScaling={true}
                ellipsizeMode="tail"
                onPress={[Function]}
                style={
                  Array [
                    Object {
                      "color": "#000",
                      "fontFamily": "System",
                      "fontSize": 16,
                    },
                    Object {
                      "color": "blue",
                      "fontSize": 15,
                      "textAlign": "center",
                    },
                  ]
                }
                uppercase={false}
                virtual={undefined}
              />
            </View>
          </View>
          <View
            style={
              Object {
                "alignItems": "center",
                "flex": 1,
                "justifyContent": "center",
              }
            }
          >
            <View
              accessibilityComponentType={undefined}
              accessibilityLabel={undefined}
              accessibilityTraits={undefined}
              accessible={true}
              collapsable={undefined}
              hasTVPreferredFocus={undefined}
              hitSlop={undefined}
              isTVSelectable={true}
              nativeID={undefined}
              onLayout={undefined}
              onResponderGrant={[Function]}
              onResponderMove={[Function]}
              onResponderRelease={[Function]}
              onResponderTerminate={[Function]}
              onResponderTerminationRequest={[Function]}
              onStartShouldSetResponder={[Function]}
              style={
                Object {
                  "flex": 1,
                  "flexDirection": "column",
                  "justifyContent": "center",
                  "marginBottom": 20,
                  "opacity": 1,
                  "padding": 0,
                  "shadowColor": "#303838",
                  "shadowOffset": Object {
                    "height": 5,
                    "width": 0,
                  },
                  "shadowOpacity": 0.35,
                  "shadowRadius": 10,
                }
              }
              testID={undefined}
              tvParallaxProperties={undefined}
            >
              <Image
                onError={[Function]}
                onHeightChange={[Function]}
                source={
                  Object {
                    "uri": "e",
                  }
                }
                style={
                  Array [
                    Object {
                      "height": 0,
                      "width": 750,
                    },
                    undefined,
                  ]
                }
              />
              <Text
                accessible={true}
                allowFontScaling={true}
                ellipsizeMode="tail"
                style={
                  Array [
                    Object {
                      "color": "#000",
                      "fontFamily": "System",
                      "fontSize": 16,
                    },
                    Object {
                      "fontSize": 30,
                      "textAlign": "center",
                    },
                  ]
                }
                uppercase={false}
                virtual={undefined}
              >
                
undefined
              </Text>
              <Text
                accessible={true}
                allowFontScaling={true}
                ellipsizeMode="tail"
                style={
                  Array [
                    Object {
                      "color": "#000",
                      "fontFamily": "System",
                      "fontSize": 16,
                    },
                    Object {
                      "fontSize": 20,
                      "textAlign": "center",
                      "textDecorationLine": "underline",
                    },
                  ]
                }
                uppercase={false}
                virtual={undefined}
              >
                
Hours
              </Text>
              <Text
                accessible={true}
                allowFontScaling={true}
                ellipsizeMode="tail"
                style={
                  Array [
                    Object {
                      "color": "#000",
                      "fontFamily": "System",
                      "fontSize": 16,
                    },
                    Object {
                      "fontSize": 15,
                      "textAlign": "center",
                    },
                  ]
                }
                uppercase={false}
                virtual={undefined}
              />
              <Text
                accessible={true}
                allowFontScaling={true}
                ellipsizeMode="tail"
                style={
                  Array [
                    Object {
                      "color": "#000",
                      "fontFamily": "System",
                      "fontSize": 16,
                    },
                    Object {
                      "fontSize": 15,
                      "textAlign": "center",
                    },
                  ]
                }
                uppercase={false}
                virtual={undefined}
              />
              <Text
                accessible={true}
                allowFontScaling={true}
                ellipsizeMode="tail"
                style={
                  Array [
                    Object {
                      "color": "#000",
                      "fontFamily": "System",
                      "fontSize": 16,
                    },
                    Object {
                      "fontSize": 15,
                      "textAlign": "center",
                    },
                  ]
                }
                uppercase={false}
                virtual={undefined}
              />
              <Text
                accessible={true}
                allowFontScaling={true}
                ellipsizeMode="tail"
                onPress={[Function]}
                style={
                  Array [
                    Object {
                      "color": "#000",
                      "fontFamily": "System",
                      "fontSize": 16,
                    },
                    Object {
                      "color": "blue",
                      "fontSize": 15,
                      "textAlign": "center",
                    },
                  ]
                }
                uppercase={false}
                virtual={undefined}
              />
            </View>
          </View>
          <View
            style={
              Object {
                "alignItems": "center",
                "flex": 1,
                "justifyContent": "center",
              }
            }
          >
            <View
              accessibilityComponentType={undefined}
              accessibilityLabel={undefined}
              accessibilityTraits={undefined}
              accessible={true}
              collapsable={undefined}
              hasTVPreferredFocus={undefined}
              hitSlop={undefined}
              isTVSelectable={true}
              nativeID={undefined}
              onLayout={undefined}
              onResponderGrant={[Function]}
              onResponderMove={[Function]}
              onResponderRelease={[Function]}
              onResponderTerminate={[Function]}
              onResponderTerminationRequest={[Function]}
              onStartShouldSetResponder={[Function]}
              style={
                Object {
                  "flex": 1,
                  "flexDirection": "column",
                  "justifyContent": "center",
                  "marginBottom": 20,
                  "opacity": 1,
                  "padding": 0,
                  "shadowColor": "#303838",
                  "shadowOffset": Object {
                    "height": 5,
                    "width": 0,
                  },
                  "shadowOpacity": 0.35,
                  "shadowRadius": 10,
                }
              }
              testID={undefined}
              tvParallaxProperties={undefined}
            >
              <Image
                onError={[Function]}
                onHeightChange={[Function]}
                source={
                  Object {
                    "uri": "s",
                  }
                }
                style={
                  Array [
                    Object {
                      "height": 0,
                      "width": 750,
                    },
                    undefined,
                  ]
                }
              />
              <Text
                accessible={true}
                allowFontScaling={true}
                ellipsizeMode="tail"
                style={
                  Array [
                    Object {
                      "color": "#000",
                      "fontFamily": "System",
                      "fontSize": 16,
                    },
                    Object {
                      "fontSize": 30,
                      "textAlign": "center",
                    },
                  ]
                }
                uppercase={false}
                virtual={undefined}
              >
                
undefined
              </Text>
              <Text
                accessible={true}
                allowFontScaling={true}
                ellipsizeMode="tail"
                style={
                  Array [
                    Object {
                      "color": "#000",
                      "fontFamily": "System",
                      "fontSize": 16,
                    },
                    Object {
                      "fontSize": 20,
                      "textAlign": "center",
                      "textDecorationLine": "underline",
                    },
                  ]
                }
                uppercase={false}
                virtual={undefined}
              >
                
Hours
              </Text>
              <Text
                accessible={true}
                allowFontScaling={true}
                ellipsizeMode="tail"
                style={
                  Array [
                    Object {
                      "color": "#000",
                      "fontFamily": "System",
                      "fontSize": 16,
                    },
                    Object {
                      "fontSize": 15,
                      "textAlign": "center",
                    },
                  ]
                }
                uppercase={false}
                virtual={undefined}
              />
              <Text
                accessible={true}
                allowFontScaling={true}
                ellipsizeMode="tail"
                style={
                  Array [
                    Object {
                      "color": "#000",
                      "fontFamily": "System",
                      "fontSize": 16,
                    },
                    Object {
                      "fontSize": 15,
                      "textAlign": "center",
                    },
                  ]
                }
                uppercase={false}
                virtual={undefined}
              />
              <Text
                accessible={true}
                allowFontScaling={true}
                ellipsizeMode="tail"
                style={
                  Array [
                    Object {
                      "color": "#000",
                      "fontFamily": "System",
                      "fontSize": 16,
                    },
                    Object {
                      "fontSize": 15,
                      "textAlign": "center",
                    },
                  ]
                }
                uppercase={false}
                virtual={undefined}
              />
              <Text
                accessible={true}
                allowFontScaling={true}
                ellipsizeMode="tail"
                onPress={[Function]}
                style={
                  Array [
                    Object {
                      "color": "#000",
                      "fontFamily": "System",
                      "fontSize": 16,
                    },
                    Object {
                      "color": "blue",
                      "fontSize": 15,
                      "textAlign": "center",
                    },
                  ]
                }
                uppercase={false}
                virtual={undefined}
              />
            </View>
          </View>
          <View
            style={
              Object {
                "alignItems": "center",
                "flex": 1,
                "justifyContent": "center",
              }
            }
          >
            <View
              accessibilityComponentType={undefined}
              accessibilityLabel={undefined}
              accessibilityTraits={undefined}
              accessible={true}
              collapsable={undefined}
              hasTVPreferredFocus={undefined}
              hitSlop={undefined}
              isTVSelectable={true}
              nativeID={undefined}
              onLayout={undefined}
              onResponderGrant={[Function]}
              onResponderMove={[Function]}
              onResponderRelease={[Function]}
              onResponderTerminate={[Function]}
              onResponderTerminationRequest={[Function]}
              onStartShouldSetResponder={[Function]}
              style={
                Object {
                  "flex": 1,
                  "flexDirection": "column",
                  "justifyContent": "center",
                  "marginBottom": 20,
                  "opacity": 1,
                  "padding": 0,
                  "shadowColor": "#303838",
                  "shadowOffset": Object {
                    "height": 5,
                    "width": 0,
                  },
                  "shadowOpacity": 0.35,
                  "shadowRadius": 10,
                }
              }
              testID={undefined}
              tvParallaxProperties={undefined}
            >
              <Image
                onError={[Function]}
                onHeightChange={[Function]}
                source={
                  Object {
                    "uri": "t",
                  }
                }
                style={
                  Array [
                    Object {
                      "height": 0,
                      "width": 750,
                    },
                    undefined,
                  ]
                }
              />
              <Text
                accessible={true}
                allowFontScaling={true}
                ellipsizeMode="tail"
                style={
                  Array [
                    Object {
                      "color": "#000",
                      "fontFamily": "System",
                      "fontSize": 16,
                    },
                    Object {
                      "fontSize": 30,
                      "textAlign": "center",
                    },
                  ]
                }
                uppercase={false}
                virtual={undefined}
              >
                
undefined
              </Text>
              <Text
                accessible={true}
                allowFontScaling={true}
                ellipsizeMode="tail"
                style={
                  Array [
                    Object {
                      "color": "#000",
                      "fontFamily": "System",
                      "fontSize": 16,
                    },
                    Object {
                      "fontSize": 20,
                      "textAlign": "center",
                      "textDecorationLine": "underline",
                    },
                  ]
                }
                uppercase={false}
                virtual={undefined}
              >
                
Hours
              </Text>
              <Text
                accessible={true}
                allowFontScaling={true}
                ellipsizeMode="tail"
                style={
                  Array [
                    Object {
                      "color": "#000",
                      "fontFamily": "System",
                      "fontSize": 16,
                    },
                    Object {
                      "fontSize": 15,
                      "textAlign": "center",
                    },
                  ]
                }
                uppercase={false}
                virtual={undefined}
              />
              <Text
                accessible={true}
                allowFontScaling={true}
                ellipsizeMode="tail"
                style={
                  Array [
                    Object {
                      "color": "#000",
                      "fontFamily": "System",
                      "fontSize": 16,
                    },
                    Object {
                      "fontSize": 15,
                      "textAlign": "center",
                    },
                  ]
                }
                uppercase={false}
                virtual={undefined}
              />
              <Text
                accessible={true}
                allowFontScaling={true}
                ellipsizeMode="tail"
                style={
                  Array [
                    Object {
                      "color": "#000",
                      "fontFamily": "System",
                      "fontSize": 16,
                    },
                    Object {
                      "fontSize": 15,
                      "textAlign": "center",
                    },
                  ]
                }
                uppercase={false}
                virtual={undefined}
              />
              <Text
                accessible={true}
                allowFontScaling={true}
                ellipsizeMode="tail"
                onPress={[Function]}
                style={
                  Array [
                    Object {
                      "color": "#000",
                      "fontFamily": "System",
                      "fontSize": 16,
                    },
                    Object {
                      "color": "blue",
                      "fontSize": 15,
                      "textAlign": "center",
                    },
                  ]
                }
                uppercase={false}
                virtual={undefined}
              />
            </View>
          </View>
        </View>
      </RCTScrollView>
    </View>
  </RCTScrollView>
</View>
`;
